// Jest Snapshot v1, https://goo.gl/fbAQLP

exports[`Check SingleButton Component should renders without crashing 1`] = `
<button
  className="css-18242uo"
  onClick={[Function]}
>
  Update
</button>
`;
